\BOOKMARK [1][-]{section.1}{\376\377\000I\000n\000t\000r\000o\000d\000u\000c\000t\000i\000o\000n}{}% 1
\BOOKMARK [1][-]{section.2}{\376\377\000B\000a\000c\000k\000g\000r\000o\000u\000n\000d\000\040\000a\000n\000d\000\040\000T\000h\000r\000e\000a\000t\000\040\000M\000o\000d\000e\000l}{}% 2
\BOOKMARK [2][-]{subsection.2.1}{\376\377\000H\000a\000r\000n\000e\000s\000s\000\040\000d\000u\000r\000a\000b\000i\000l\000i\000t\000y\000\040\000v\000s\000.\000\040\000c\000h\000a\000t\000\040\000c\000h\000e\000c\000k\000p\000o\000i\000n\000t\000s}{section.2}% 3
\BOOKMARK [2][-]{subsection.2.2}{\376\377\000T\000h\000r\000e\000a\000t\000\040\000c\000l\000a\000s\000s\000e\000s\000\040\000\050\000A\000C\000R\000F\000e\000n\000c\000e\000\051}{section.2}% 4
\BOOKMARK [2][-]{subsection.2.3}{\376\377\000T\000h\000r\000e\000a\000t\000\040\000m\000o\000d\000e\000l\000\040\000\050\000A\000C\000R\000F\000e\000n\000c\000e\000-\000s\000t\000y\000l\000e\000\051}{section.2}% 5
\BOOKMARK [1][-]{section.3}{\376\377\000E\000f\000f\000e\000c\000t\000\040\000M\000o\000d\000e\000l}{}% 6
\BOOKMARK [2][-]{subsection.3.1}{\376\377\000O\000b\000j\000e\000c\000t\000s}{section.3}% 7
\BOOKMARK [2][-]{subsection.3.2}{\376\377\000E\000f\000f\000e\000c\000t\000\040\000s\000t\000a\000t\000e\000\040\000m\000a\000c\000h\000i\000n\000e}{section.3}% 8
\BOOKMARK [2][-]{subsection.3.3}{\376\377\000I\000n\000v\000a\000r\000i\000a\000n\000t\000s\000\040\000\050\000I\0001\040\023\000I\0005\000\051}{section.3}% 9
\BOOKMARK [2][-]{subsection.3.4}{\376\377\000T\000h\000r\000e\000a\000t\000\040\000a\000l\000i\000g\000n\000m\000e\000n\000t}{section.3}% 10
\BOOKMARK [1][-]{section.4}{\376\377\000S\000y\000s\000t\000e\000m\000\040\000R\000e\000a\000l\000i\000z\000a\000t\000i\000o\000n}{}% 11
\BOOKMARK [1][-]{section.5}{\376\377\000M\000e\000t\000h\000o\000d\000s}{}% 12
\BOOKMARK [2][-]{subsection.5.1}{\376\377\000O\000v\000e\000r\000v\000i\000e\000w}{section.5}% 13
\BOOKMARK [2][-]{subsection.5.2}{\376\377\000B\000a\000s\000e\000l\000i\000n\000e\000s}{section.5}% 14
\BOOKMARK [2][-]{subsection.5.3}{\376\377\000M\000o\000c\000k\000\040\000t\000o\000o\000l\000s}{section.5}% 15
\BOOKMARK [2][-]{subsection.5.4}{\376\377\000F\000a\000u\000l\000t\000\040\000c\000a\000t\000a\000l\000o\000g\000\040\000\050\000F\0000\0001\040\023\000F\0001\0000\000\051}{section.5}% 16
\BOOKMARK [2][-]{subsection.5.5}{\376\377\000E\000x\000p\000e\000r\000i\000m\000e\000n\000t\000a\000l\000\040\000d\000e\000s\000i\000g\000n}{section.5}% 17
\BOOKMARK [2][-]{subsection.5.6}{\376\377\000M\000e\000t\000r\000i\000c\000s}{section.5}% 18
\BOOKMARK [2][-]{subsection.5.7}{\376\377\000M\000o\000d\000e\000l\040\023\000h\000a\000r\000n\000e\000s\000s\000\040\000r\000e\000p\000o\000r\000t\000i\000n\000g}{section.5}% 19
\BOOKMARK [2][-]{subsection.5.8}{\376\377\000E\000x\000c\000l\000u\000s\000i\000o\000n\000s\000\040\000a\000n\000d\000\040\000i\000n\000t\000e\000g\000r\000i\000t\000y}{section.5}% 20
\BOOKMARK [1][-]{section.6}{\376\377\000E\000v\000a\000l\000u\000a\000t\000i\000o\000n\000\040\000a\000n\000d\000\040\000R\000e\000s\000u\000l\000t\000s}{}% 21
\BOOKMARK [2][-]{subsection.6.1}{\376\377\000F\0000\0001\000\040\040\024\000\040\000K\000i\000l\000l\000\040\000a\000f\000t\000e\000r\000\040\000s\000u\000c\000c\000e\000s\000s\000,\000\040\000b\000e\000f\000o\000r\000e\000\040\000d\000u\000r\000a\000b\000l\000e\000\040\000r\000e\000c\000e\000i\000p\000t}{section.6}% 22
\BOOKMARK [2][-]{subsection.6.2}{\376\377\000F\0000\0002\000\040\040\024\000\040\000K\000i\000l\000l\000\040\000m\000i\000d\000-\000m\000u\000t\000a\000t\000i\000o\000n\000\040\000\050\000M\000-\000p\000a\000y\000\051}{section.6}% 23
\BOOKMARK [2][-]{subsection.6.3}{\376\377\000F\0000\0003\000\040\040\024\000\040\000R\000e\000s\000t\000o\000r\000e\000\040\000a\000f\000t\000e\000r\000\040\000a\000p\000p\000r\000o\000v\000a\000l\000,\000\040\000b\000e\000f\000o\000r\000e\000\040\000e\000x\000e\000c\000u\000t\000e\000\040\000\050\000R\000Q\0002\000\051}{section.6}% 24
\BOOKMARK [2][-]{subsection.6.4}{\376\377\000F\0000\0001\000\040\000u\000n\000d\000e\000r\000\040\000s\000e\000m\000a\000n\000t\000i\000c\000\040\000r\000e\000-\000s\000y\000n\000t\000h\000e\000s\000i\000s\000\040\000\050\000B\0002\000\040\000v\000s\000\040\000B\0003\000\051}{section.6}% 25
\BOOKMARK [2][-]{subsection.6.5}{\376\377\000C\000o\000n\000f\000i\000r\000m\000a\000t\000o\000r\000y\000\040\000L\000L\000M\000\040\000\050\000g\000l\000m\000-\0005\000.\0003\000,\000\040\000N\000=\0003\0000\000\051}{section.6}% 26
\BOOKMARK [2][-]{subsection.6.6}{\376\377\000C\000o\000n\000f\000i\000r\000m\000a\000t\000o\000r\000y\000\040\000n\000e\000k\000o\000-\000c\000o\000r\000e\000\040\000s\000e\000a\000l\000\040\000p\000a\000t\000h\000\040\000\050\000F\0000\0001\000M\000-\000p\000a\000y\000,\000\040\000N\000=\0003\0000\000\051}{section.6}% 27
\BOOKMARK [2][-]{subsection.6.7}{\376\377\000C\000r\000o\000s\000s\000-\000f\000a\000u\000l\000t\000\040\000s\000u\000m\000m\000a\000r\000y}{section.6}% 28
\BOOKMARK [2][-]{subsection.6.8}{\376\377\000T\000h\000r\000e\000a\000t\000s\000\040\000t\000o\000\040\000v\000a\000l\000i\000d\000i\000t\000y\000\040\000\050\000r\000e\000s\000u\000l\000t\000s\000\051}{section.6}% 29
\BOOKMARK [2][-]{subsection.6.9}{\376\377\000T\000a\000k\000e\000a\000w\000a\000y\000\040\000f\000o\000r\000\040\000R\000Q\0001\000/\000R\000Q\0002}{section.6}% 30
\BOOKMARK [1][-]{section.7}{\376\377\000D\000i\000s\000c\000u\000s\000s\000i\000o\000n\000\040\000a\000n\000d\000\040\000L\000i\000m\000i\000t\000a\000t\000i\000o\000n\000s}{}% 31
\BOOKMARK [2][-]{subsection.7.1}{\376\377\000L\000i\000m\000i\000t\000s\000\040\000o\000f\000\040\000t\000h\000e\000\040\000p\000r\000e\000s\000e\000n\000t\000\040\000d\000r\000a\000f\000t}{section.7}% 32
\BOOKMARK [2][-]{subsection.7.2}{\376\377\000Q\0002\000\040\000j\000o\000u\000r\000n\000a\000l\000\040\000b\000a\000r\000\040\000\050\000h\000o\000n\000e\000s\000t\000\040\000g\000a\000p\000\040\000l\000i\000s\000t\000\051}{section.7}% 33
\BOOKMARK [2][-]{subsection.7.3}{\376\377\000L\000o\000c\000a\000l\000-\000f\000i\000r\000s\000t\000\040\000h\000a\000r\000n\000e\000s\000s\000\040\000v\000s\000\040\000T\000e\000m\000p\000o\000r\000a\000l\000-\000c\000l\000a\000s\000s\000\040\000e\000n\000g\000i\000n\000e\000s}{section.7}% 34
\BOOKMARK [2][-]{subsection.7.4}{\376\377\000P\000r\000o\000c\000e\000d\000u\000r\000a\000l\000\040\000m\000e\000m\000o\000r\000y\000\040\000i\000s\000\040\000n\000o\000t\000\040\000c\000o\000n\000t\000r\000o\000l\000\040\000d\000u\000r\000a\000b\000i\000l\000i\000t\000y}{section.7}% 35
\BOOKMARK [2][-]{subsection.7.5}{\376\377\000T\000h\000r\000e\000a\000t\000s\000\040\000t\000o\000\040\000v\000a\000l\000i\000d\000i\000t\000y}{section.7}% 36
\BOOKMARK [1][-]{section.8}{\376\377\000R\000e\000l\000a\000t\000e\000d\000\040\000W\000o\000r\000k}{}% 37
\BOOKMARK [1][-]{section.9}{\376\377\000C\000o\000n\000c\000l\000u\000s\000i\000o\000n}{}% 38
\BOOKMARK [1][-]{appendix.A}{\376\377\000R\000e\000p\000r\000o\000d\000u\000c\000i\000b\000i\000l\000i\000t\000y}{}% 39
\BOOKMARK [1][-]{appendix.B}{\376\377\000E\000t\000h\000i\000c\000s\000\040\000\050\000M\000o\000c\000k\000-\000O\000n\000l\000y\000\051}{}% 40
\BOOKMARK [1][-]{appendix.C}{\376\377\000A\000r\000t\000i\000f\000a\000c\000t\000\040\000A\000v\000a\000i\000l\000a\000b\000i\000l\000i\000t\000y}{}% 41
